------------------------------------------------------------
Timing Analyzer Summary
------------------------------------------------------------

Type  : Slow 1200mV 85C Model Setup 'edge2pulse:tickerButton|out_pulse'
Slack : -3.376
TNS   : -36.430

Type  : Slow 1200mV 85C Model Setup 'edge2pulse:swTogPulse|out_pulse'
Slack : -1.347
TNS   : -11.805

Type  : Slow 1200mV 85C Model Setup 'MAX10_CLK1_50'
Slack : -1.102
TNS   : -3.405

Type  : Slow 1200mV 85C Model Hold 'MAX10_CLK1_50'
Slack : 0.211
TNS   : 0.000

Type  : Slow 1200mV 85C Model Hold 'edge2pulse:tickerButton|out_pulse'
Slack : 0.331
TNS   : 0.000

Type  : Slow 1200mV 85C Model Hold 'edge2pulse:swTogPulse|out_pulse'
Slack : 0.343
TNS   : 0.000

Type  : Slow 1200mV 85C Model Minimum Pulse Width 'MAX10_CLK1_50'
Slack : -3.000
TNS   : -16.246

Type  : Slow 1200mV 85C Model Minimum Pulse Width 'edge2pulse:tickerButton|out_pulse'
Slack : -1.222
TNS   : -17.108

Type  : Slow 1200mV 85C Model Minimum Pulse Width 'edge2pulse:swTogPulse|out_pulse'
Slack : -1.222
TNS   : -12.220

Type  : Slow 1200mV 0C Model Setup 'edge2pulse:tickerButton|out_pulse'
Slack : -3.021
TNS   : -32.283

Type  : Slow 1200mV 0C Model Setup 'edge2pulse:swTogPulse|out_pulse'
Slack : -1.151
TNS   : -10.024

Type  : Slow 1200mV 0C Model Setup 'MAX10_CLK1_50'
Slack : -0.897
TNS   : -2.550

Type  : Slow 1200mV 0C Model Hold 'MAX10_CLK1_50'
Slack : 0.211
TNS   : 0.000

Type  : Slow 1200mV 0C Model Hold 'edge2pulse:tickerButton|out_pulse'
Slack : 0.300
TNS   : 0.000

Type  : Slow 1200mV 0C Model Hold 'edge2pulse:swTogPulse|out_pulse'
Slack : 0.313
TNS   : 0.000

Type  : Slow 1200mV 0C Model Minimum Pulse Width 'MAX10_CLK1_50'
Slack : -3.000
TNS   : -16.077

Type  : Slow 1200mV 0C Model Minimum Pulse Width 'edge2pulse:tickerButton|out_pulse'
Slack : -1.222
TNS   : -17.108

Type  : Slow 1200mV 0C Model Minimum Pulse Width 'edge2pulse:swTogPulse|out_pulse'
Slack : -1.222
TNS   : -12.220

Type  : Fast 1200mV 0C Model Setup 'edge2pulse:tickerButton|out_pulse'
Slack : -1.094
TNS   : -10.171

Type  : Fast 1200mV 0C Model Setup 'MAX10_CLK1_50'
Slack : -0.416
TNS   : -0.416

Type  : Fast 1200mV 0C Model Setup 'edge2pulse:swTogPulse|out_pulse'
Slack : -0.142
TNS   : -0.806

Type  : Fast 1200mV 0C Model Hold 'MAX10_CLK1_50'
Slack : 0.095
TNS   : 0.000

Type  : Fast 1200mV 0C Model Hold 'edge2pulse:tickerButton|out_pulse'
Slack : 0.152
TNS   : 0.000

Type  : Fast 1200mV 0C Model Hold 'edge2pulse:swTogPulse|out_pulse'
Slack : 0.156
TNS   : 0.000

Type  : Fast 1200mV 0C Model Minimum Pulse Width 'MAX10_CLK1_50'
Slack : -3.000
TNS   : -14.811

Type  : Fast 1200mV 0C Model Minimum Pulse Width 'edge2pulse:tickerButton|out_pulse'
Slack : -1.000
TNS   : -14.000

Type  : Fast 1200mV 0C Model Minimum Pulse Width 'edge2pulse:swTogPulse|out_pulse'
Slack : -1.000
TNS   : -10.000

------------------------------------------------------------
