------------------------------------------------------------
Timing Analyzer Summary
------------------------------------------------------------

Type  : Slow 1200mV 85C Model Setup 'KEY[0]'
Slack : -3.439
TNS   : -35.766

Type  : Slow 1200mV 85C Model Setup 'MAX10_CLK1_50'
Slack : -0.784
TNS   : -3.715

Type  : Slow 1200mV 85C Model Setup 'eightBSqrt:eightBSqrt0|Su'
Slack : -0.757
TNS   : -4.255

Type  : Slow 1200mV 85C Model Hold 'MAX10_CLK1_50'
Slack : 0.227
TNS   : 0.000

Type  : Slow 1200mV 85C Model Hold 'KEY[0]'
Slack : 0.294
TNS   : 0.000

Type  : Slow 1200mV 85C Model Hold 'eightBSqrt:eightBSqrt0|Su'
Slack : 0.343
TNS   : 0.000

Type  : Slow 1200mV 85C Model Minimum Pulse Width 'KEY[0]'
Slack : -3.000
TNS   : -20.108

Type  : Slow 1200mV 85C Model Minimum Pulse Width 'MAX10_CLK1_50'
Slack : -3.000
TNS   : -13.804

Type  : Slow 1200mV 85C Model Minimum Pulse Width 'eightBSqrt:eightBSqrt0|Su'
Slack : -1.222
TNS   : -10.998

Type  : Slow 1200mV 0C Model Setup 'KEY[0]'
Slack : -3.014
TNS   : -31.093

Type  : Slow 1200mV 0C Model Setup 'MAX10_CLK1_50'
Slack : -0.611
TNS   : -2.816

Type  : Slow 1200mV 0C Model Setup 'eightBSqrt:eightBSqrt0|Su'
Slack : -0.599
TNS   : -3.158

Type  : Slow 1200mV 0C Model Hold 'KEY[0]'
Slack : 0.203
TNS   : 0.000

Type  : Slow 1200mV 0C Model Hold 'MAX10_CLK1_50'
Slack : 0.222
TNS   : 0.000

Type  : Slow 1200mV 0C Model Hold 'eightBSqrt:eightBSqrt0|Su'
Slack : 0.312
TNS   : 0.000

Type  : Slow 1200mV 0C Model Minimum Pulse Width 'KEY[0]'
Slack : -3.000
TNS   : -20.108

Type  : Slow 1200mV 0C Model Minimum Pulse Width 'MAX10_CLK1_50'
Slack : -3.000
TNS   : -13.631

Type  : Slow 1200mV 0C Model Minimum Pulse Width 'eightBSqrt:eightBSqrt0|Su'
Slack : -1.222
TNS   : -10.998

Type  : Fast 1200mV 0C Model Setup 'KEY[0]'
Slack : -1.336
TNS   : -12.067

Type  : Fast 1200mV 0C Model Setup 'MAX10_CLK1_50'
Slack : 0.147
TNS   : 0.000

Type  : Fast 1200mV 0C Model Setup 'eightBSqrt:eightBSqrt0|Su'
Slack : 0.169
TNS   : 0.000

Type  : Fast 1200mV 0C Model Hold 'MAX10_CLK1_50'
Slack : 0.104
TNS   : 0.000

Type  : Fast 1200mV 0C Model Hold 'eightBSqrt:eightBSqrt0|Su'
Slack : 0.156
TNS   : 0.000

Type  : Fast 1200mV 0C Model Hold 'KEY[0]'
Slack : 0.166
TNS   : 0.000

Type  : Fast 1200mV 0C Model Minimum Pulse Width 'KEY[0]'
Slack : -3.000
TNS   : -20.296

Type  : Fast 1200mV 0C Model Minimum Pulse Width 'MAX10_CLK1_50'
Slack : -3.000
TNS   : -12.422

Type  : Fast 1200mV 0C Model Minimum Pulse Width 'eightBSqrt:eightBSqrt0|Su'
Slack : -1.000
TNS   : -9.000

------------------------------------------------------------
