------------------------------------------------------------
Timing Analyzer Summary
------------------------------------------------------------

Type  : Slow 1200mV 85C Model Setup 'MAX10_CLK1_50'
Slack : -2.822
TNS   : -40.657

Type  : Slow 1200mV 85C Model Hold 'MAX10_CLK1_50'
Slack : 0.229
TNS   : 0.000

Type  : Slow 1200mV 85C Model Recovery 'MAX10_CLK1_50'
Slack : -0.574
TNS   : -5.166

Type  : Slow 1200mV 85C Model Removal 'MAX10_CLK1_50'
Slack : 1.192
TNS   : 0.000

Type  : Slow 1200mV 85C Model Minimum Pulse Width 'MAX10_CLK1_50'
Slack : -3.000
TNS   : -41.909

Type  : Slow 1200mV 0C Model Setup 'MAX10_CLK1_50'
Slack : -2.504
TNS   : -34.667

Type  : Slow 1200mV 0C Model Hold 'MAX10_CLK1_50'
Slack : 0.220
TNS   : 0.000

Type  : Slow 1200mV 0C Model Recovery 'MAX10_CLK1_50'
Slack : -0.439
TNS   : -3.951

Type  : Slow 1200mV 0C Model Removal 'MAX10_CLK1_50'
Slack : 1.098
TNS   : 0.000

Type  : Slow 1200mV 0C Model Minimum Pulse Width 'MAX10_CLK1_50'
Slack : -3.000
TNS   : -41.737

Type  : Fast 1200mV 0C Model Setup 'MAX10_CLK1_50'
Slack : -0.871
TNS   : -9.239

Type  : Fast 1200mV 0C Model Hold 'MAX10_CLK1_50'
Slack : 0.103
TNS   : 0.000

Type  : Fast 1200mV 0C Model Recovery 'MAX10_CLK1_50'
Slack : 0.248
TNS   : 0.000

Type  : Fast 1200mV 0C Model Removal 'MAX10_CLK1_50'
Slack : 0.564
TNS   : 0.000

Type  : Fast 1200mV 0C Model Minimum Pulse Width 'MAX10_CLK1_50'
Slack : -3.000
TNS   : -39.442

------------------------------------------------------------
