Analysis & Synthesis report for l6part4
Mon Mar 10 11:00:35 2025
Quartus Prime Version 19.1.0 Build 670 09/22/2019 SJ Lite Edition


---------------------
; Table of Contents ;
---------------------
  1. Legal Notice
  2. Analysis & Synthesis Summary
  3. Analysis & Synthesis Settings
  4. Parallel Compilation
  5. Analysis & Synthesis Source Files Read
  6. Analysis & Synthesis Resource Usage Summary
  7. Analysis & Synthesis Resource Utilization by Entity
  8. State Machine - |l6part4|state
  9. General Register Statistics
 10. Multiplexer Restructuring Statistics (Restructuring Performed)
 11. Parameter Settings for User Entity Instance: Top-level Entity: |l6part4
 12. Port Connectivity Checks: "MAC:mac4"
 13. Port Connectivity Checks: "MAC:mac3"
 14. Post-Synthesis Netlist Statistics for Top Partition
 15. Elapsed Time Per Partition
 16. Analysis & Synthesis Messages
 17. Analysis & Synthesis Suppressed Messages



----------------
; Legal Notice ;
----------------
Copyright (C) 2019  Intel Corporation. All rights reserved.
Your use of Intel Corporation's design tools, logic functions 
and other software and tools, and any partner logic 
functions, and any output files from any of the foregoing 
(including device programming or simulation files), and any 
associated documentation or information are expressly subject 
to the terms and conditions of the Intel Program License 
Subscription Agreement, the Intel Quartus Prime License Agreement,
the Intel FPGA IP License Agreement, or other applicable license
agreement, including, without limitation, that your use is for
the sole purpose of programming logic devices manufactured by
Intel and sold by Intel or its authorized distributors.  Please
refer to the applicable agreement for further details, at
https://fpgasoftware.intel.com/eula.



+----------------------------------------------------------------------------------+
; Analysis & Synthesis Summary                                                     ;
+------------------------------------+---------------------------------------------+
; Analysis & Synthesis Status        ; Successful - Mon Mar 10 11:00:35 2025       ;
; Quartus Prime Version              ; 19.1.0 Build 670 09/22/2019 SJ Lite Edition ;
; Revision Name                      ; l6part4                                     ;
; Top-level Entity Name              ; l6part4                                     ;
; Family                             ; MAX 10                                      ;
; Total logic elements               ; 162                                         ;
;     Total combinational functions  ; 159                                         ;
;     Dedicated logic registers      ; 117                                         ;
; Total registers                    ; 117                                         ;
; Total pins                         ; 15                                          ;
; Total virtual pins                 ; 0                                           ;
; Total memory bits                  ; 0                                           ;
; Embedded Multiplier 9-bit elements ; 0                                           ;
; Total PLLs                         ; 0                                           ;
; UFM blocks                         ; 0                                           ;
; ADC blocks                         ; 0                                           ;
+------------------------------------+---------------------------------------------+


+------------------------------------------------------------------------------------------------------------+
; Analysis & Synthesis Settings                                                                              ;
+------------------------------------------------------------------+--------------------+--------------------+
; Option                                                           ; Setting            ; Default Value      ;
+------------------------------------------------------------------+--------------------+--------------------+
; Device                                                           ; 10M50DAF484C7G     ;                    ;
; Top-level entity name                                            ; l6part4            ; l6part4            ;
; Family name                                                      ; MAX 10 FPGA        ; Cyclone V          ;
; Use smart compilation                                            ; Off                ; Off                ;
; Enable parallel Assembler and Timing Analyzer during compilation ; On                 ; On                 ;
; Enable compact report table                                      ; Off                ; Off                ;
; Restructure Multiplexers                                         ; Auto               ; Auto               ;
; Create Debugging Nodes for IP Cores                              ; Off                ; Off                ;
; Preserve fewer node names                                        ; On                 ; On                 ;
; Intel FPGA IP Evaluation Mode                                    ; Enable             ; Enable             ;
; Verilog Version                                                  ; Verilog_2001       ; Verilog_2001       ;
; VHDL Version                                                     ; VHDL_1993          ; VHDL_1993          ;
; State Machine Processing                                         ; Auto               ; Auto               ;
; Safe State Machine                                               ; Off                ; Off                ;
; Extract Verilog State Machines                                   ; On                 ; On                 ;
; Extract VHDL State Machines                                      ; On                 ; On                 ;
; Ignore Verilog initial constructs                                ; Off                ; Off                ;
; Iteration limit for constant Verilog loops                       ; 5000               ; 5000               ;
; Iteration limit for non-constant Verilog loops                   ; 250                ; 250                ;
; Add Pass-Through Logic to Inferred RAMs                          ; On                 ; On                 ;
; Infer RAMs from Raw Logic                                        ; On                 ; On                 ;
; Parallel Synthesis                                               ; On                 ; On                 ;
; DSP Block Balancing                                              ; Auto               ; Auto               ;
; NOT Gate Push-Back                                               ; On                 ; On                 ;
; Power-Up Don't Care                                              ; On                 ; On                 ;
; Remove Redundant Logic Cells                                     ; Off                ; Off                ;
; Remove Duplicate Registers                                       ; On                 ; On                 ;
; Ignore CARRY Buffers                                             ; Off                ; Off                ;
; Ignore CASCADE Buffers                                           ; Off                ; Off                ;
; Ignore GLOBAL Buffers                                            ; Off                ; Off                ;
; Ignore ROW GLOBAL Buffers                                        ; Off                ; Off                ;
; Ignore LCELL Buffers                                             ; Off                ; Off                ;
; Ignore SOFT Buffers                                              ; On                 ; On                 ;
; Limit AHDL Integers to 32 Bits                                   ; Off                ; Off                ;
; Optimization Technique                                           ; Balanced           ; Balanced           ;
; Carry Chain Length                                               ; 70                 ; 70                 ;
; Auto Carry Chains                                                ; On                 ; On                 ;
; Auto Open-Drain Pins                                             ; On                 ; On                 ;
; Perform WYSIWYG Primitive Resynthesis                            ; Off                ; Off                ;
; Auto ROM Replacement                                             ; On                 ; On                 ;
; Auto RAM Replacement                                             ; On                 ; On                 ;
; Auto DSP Block Replacement                                       ; On                 ; On                 ;
; Auto Shift Register Replacement                                  ; Auto               ; Auto               ;
; Allow Shift Register Merging across Hierarchies                  ; Auto               ; Auto               ;
; Auto Clock Enable Replacement                                    ; On                 ; On                 ;
; Strict RAM Replacement                                           ; Off                ; Off                ;
; Allow Synchronous Control Signals                                ; On                 ; On                 ;
; Force Use of Synchronous Clear Signals                           ; Off                ; Off                ;
; Auto RAM Block Balancing                                         ; On                 ; On                 ;
; Auto RAM to Logic Cell Conversion                                ; Off                ; Off                ;
; Auto Resource Sharing                                            ; Off                ; Off                ;
; Allow Any RAM Size For Recognition                               ; Off                ; Off                ;
; Allow Any ROM Size For Recognition                               ; Off                ; Off                ;
; Allow Any Shift Register Size For Recognition                    ; Off                ; Off                ;
; Use LogicLock Constraints during Resource Balancing              ; On                 ; On                 ;
; Ignore translate_off and synthesis_off directives                ; Off                ; Off                ;
; Timing-Driven Synthesis                                          ; On                 ; On                 ;
; Report Parameter Settings                                        ; On                 ; On                 ;
; Report Source Assignments                                        ; On                 ; On                 ;
; Report Connectivity Checks                                       ; On                 ; On                 ;
; Ignore Maximum Fan-Out Assignments                               ; Off                ; Off                ;
; Synchronization Register Chain Length                            ; 2                  ; 2                  ;
; Power Optimization During Synthesis                              ; Normal compilation ; Normal compilation ;
; HDL message level                                                ; Level2             ; Level2             ;
; Suppress Register Optimization Related Messages                  ; Off                ; Off                ;
; Number of Removed Registers Reported in Synthesis Report         ; 5000               ; 5000               ;
; Number of Swept Nodes Reported in Synthesis Report               ; 5000               ; 5000               ;
; Number of Inverted Registers Reported in Synthesis Report        ; 100                ; 100                ;
; Clock MUX Protection                                             ; On                 ; On                 ;
; Auto Gated Clock Conversion                                      ; Off                ; Off                ;
; Block Design Naming                                              ; Auto               ; Auto               ;
; SDC constraint protection                                        ; Off                ; Off                ;
; Synthesis Effort                                                 ; Auto               ; Auto               ;
; Shift Register Replacement - Allow Asynchronous Clear Signal     ; On                 ; On                 ;
; Pre-Mapping Resynthesis Optimization                             ; Off                ; Off                ;
; Analysis & Synthesis Message Level                               ; Medium             ; Medium             ;
; Disable Register Merging Across Hierarchies                      ; Auto               ; Auto               ;
; Resource Aware Inference For Block RAM                           ; On                 ; On                 ;
+------------------------------------------------------------------+--------------------+--------------------+


+------------------------------------------+
; Parallel Compilation                     ;
+----------------------------+-------------+
; Processors                 ; Number      ;
+----------------------------+-------------+
; Number detected on machine ; 28          ;
; Maximum allowed            ; 16          ;
;                            ;             ;
; Average used               ; 1.00        ;
; Maximum used               ; 16          ;
;                            ;             ;
; Usage by Processor         ; % Time Used ;
;     Processor 1            ; 100.0%      ;
;     Processors 2-16        ;   0.0%      ;
+----------------------------+-------------+


+----------------------------------------------------------------------------------------------------------------------------------------------+
; Analysis & Synthesis Source Files Read                                                                                                       ;
+----------------------------------+-----------------+------------------------------+------------------------------------------------+---------+
; File Name with User-Entered Path ; Used in Netlist ; File Type                    ; File Name with Absolute Path                   ; Library ;
+----------------------------------+-----------------+------------------------------+------------------------------------------------+---------+
; ../Part1/mac.v                   ; yes             ; User Verilog HDL File        ; C:/EEC 180/Lab6/synthesis/Part1/mac.v          ;         ;
; ../Part2/ramOutput.v             ; yes             ; User Verilog HDL File        ; C:/EEC 180/Lab6/synthesis/Part2/ramOutput.v    ;         ;
; l6part4.v                        ; yes             ; Auto-Found Verilog HDL File  ; C:/EEC 180/Lab6/synthesis/Part4/l6part4.v      ;         ;
; ram_a_init.txt                   ; yes             ; Auto-Found File              ; C:/EEC 180/Lab6/synthesis/Part4/ram_a_init.txt ;         ;
; ram_b_init.txt                   ; yes             ; Auto-Found File              ; C:/EEC 180/Lab6/synthesis/Part4/ram_b_init.txt ;         ;
+----------------------------------+-----------------+------------------------------+------------------------------------------------+---------+


+---------------------------------------------------------+
; Analysis & Synthesis Resource Usage Summary             ;
+---------------------------------------------+-----------+
; Resource                                    ; Usage     ;
+---------------------------------------------+-----------+
; Estimated Total logic elements              ; 162       ;
;                                             ;           ;
; Total combinational functions               ; 159       ;
; Logic element usage by number of LUT inputs ;           ;
;     -- 4 input functions                    ; 40        ;
;     -- 3 input functions                    ; 8         ;
;     -- <=2 input functions                  ; 111       ;
;                                             ;           ;
; Logic elements by mode                      ;           ;
;     -- normal mode                          ; 55        ;
;     -- arithmetic mode                      ; 104       ;
;                                             ;           ;
; Total registers                             ; 117       ;
;     -- Dedicated logic registers            ; 117       ;
;     -- I/O registers                        ; 0         ;
;                                             ;           ;
; I/O pins                                    ; 15        ;
;                                             ;           ;
; Embedded Multiplier 9-bit elements          ; 0         ;
;                                             ;           ;
; Maximum fan-out node                        ; clk~input ;
; Maximum fan-out                             ; 117       ;
; Total fan-out                               ; 788       ;
; Average fan-out                             ; 2.58      ;
+---------------------------------------------+-----------+


+------------------------------------------------------------------------------------------------------------------------------------------------------------------------------------------------------------------------------------+
; Analysis & Synthesis Resource Utilization by Entity                                                                                                                                                                                ;
+----------------------------+---------------------+---------------------------+-------------+------------+--------------+---------+-----------+------+--------------+------------+---------------------+-------------+--------------+
; Compilation Hierarchy Node ; Combinational ALUTs ; Dedicated Logic Registers ; Memory Bits ; UFM Blocks ; DSP Elements ; DSP 9x9 ; DSP 18x18 ; Pins ; Virtual Pins ; ADC blocks ; Full Hierarchy Name ; Entity Name ; Library Name ;
+----------------------------+---------------------+---------------------------+-------------+------------+--------------+---------+-----------+------+--------------+------------+---------------------+-------------+--------------+
; |l6part4                   ; 159 (159)           ; 117 (117)                 ; 0           ; 0          ; 0            ; 0       ; 0         ; 15   ; 0            ; 0          ; |l6part4            ; l6part4     ; work         ;
+----------------------------+---------------------+---------------------------+-------------+------------+--------------+---------+-----------+------+--------------+------------+---------------------+-------------+--------------+
Note: For table entries with two numbers listed, the numbers in parentheses indicate the number of resources of the given type used by the specific entity alone. The numbers listed outside of parentheses indicate the total resources of the given type used by the specific entity and all of its sub-entities in the hierarchy.


Encoding Type:  One-Hot
+-----------------------------------------------------+
; State Machine - |l6part4|state                      ;
+-------------+------------+------------+-------------+
; Name        ; state.IDLE ; state.DONE ; state.MACOP ;
+-------------+------------+------------+-------------+
; state.IDLE  ; 0          ; 0          ; 0           ;
; state.MACOP ; 1          ; 0          ; 1           ;
; state.DONE  ; 1          ; 1          ; 0           ;
+-------------+------------+------------+-------------+


+------------------------------------------------------+
; General Register Statistics                          ;
+----------------------------------------------+-------+
; Statistic                                    ; Value ;
+----------------------------------------------+-------+
; Total registers                              ; 117   ;
; Number of registers using Synchronous Clear  ; 11    ;
; Number of registers using Synchronous Load   ; 0     ;
; Number of registers using Asynchronous Clear ; 4     ;
; Number of registers using Asynchronous Load  ; 0     ;
; Number of registers using Clock Enable       ; 110   ;
; Number of registers using Preset             ; 0     ;
+----------------------------------------------+-------+


+--------------------------------------------------------------------------------------------------------------------------------------------+
; Multiplexer Restructuring Statistics (Restructuring Performed)                                                                             ;
+--------------------+-----------+---------------+----------------------+------------------------+------------+------------------------------+
; Multiplexer Inputs ; Bus Width ; Baseline Area ; Area if Restructured ; Saving if Restructured ; Registered ; Example Multiplexer Output   ;
+--------------------+-----------+---------------+----------------------+------------------------+------------+------------------------------+
; 3:1                ; 32 bits   ; 64 LEs        ; 32 LEs               ; 32 LEs                 ; Yes        ; |l6part4|row[2]              ;
; 3:1                ; 32 bits   ; 64 LEs        ; 32 LEs               ; 32 LEs                 ; Yes        ; |l6part4|rcPair[13]          ;
; 4:1                ; 11 bits   ; 22 LEs        ; 11 LEs               ; 11 LEs                 ; Yes        ; |l6part4|clock_count[7]~reg0 ;
; 5:1                ; 3 bits    ; 9 LEs         ; 6 LEs                ; 3 LEs                  ; No         ; |l6part4|Selector13          ;
+--------------------+-----------+---------------+----------------------+------------------------+------------+------------------------------+


+-------------------------------------------------------------------------+
; Parameter Settings for User Entity Instance: Top-level Entity: |l6part4 ;
+----------------+-------+------------------------------------------------+
; Parameter Name ; Value ; Type                                           ;
+----------------+-------+------------------------------------------------+
; IDLE           ; 00    ; Unsigned Binary                                ;
; MACOP          ; 01    ; Unsigned Binary                                ;
; DONE           ; 10    ; Unsigned Binary                                ;
+----------------+-------+------------------------------------------------+
Note: In order to hide this table in the UI and the text report file, please set the "Show Parameter Settings in Synthesis Report" option in "Analysis and Synthesis Settings -> More Settings" to "Off".


+-----------------------------------------------------------------------------------------------------------------------------------------------------+
; Port Connectivity Checks: "MAC:mac4"                                                                                                                ;
+------+--------+----------+--------------------------------------------------------------------------------------------------------------------------+
; Port ; Type   ; Severity ; Details                                                                                                                  ;
+------+--------+----------+--------------------------------------------------------------------------------------------------------------------------+
; out  ; Output ; Warning  ; Output or bidir port (19 bits) is wider than the port expression (1 bits) it drives; bit(s) "out[18..1]" have no fanouts ;
+------+--------+----------+--------------------------------------------------------------------------------------------------------------------------+


+-----------------------------------------------------------------------------------------------------------------------------------------------------+
; Port Connectivity Checks: "MAC:mac3"                                                                                                                ;
+------+--------+----------+--------------------------------------------------------------------------------------------------------------------------+
; Port ; Type   ; Severity ; Details                                                                                                                  ;
+------+--------+----------+--------------------------------------------------------------------------------------------------------------------------+
; out  ; Output ; Warning  ; Output or bidir port (19 bits) is wider than the port expression (1 bits) it drives; bit(s) "out[18..1]" have no fanouts ;
+------+--------+----------+--------------------------------------------------------------------------------------------------------------------------+


+-----------------------------------------------------+
; Post-Synthesis Netlist Statistics for Top Partition ;
+-----------------------+-----------------------------+
; Type                  ; Count                       ;
+-----------------------+-----------------------------+
; boundary_port         ; 15                          ;
; cycloneiii_ff         ; 117                         ;
;     CLR               ; 4                           ;
;     ENA               ; 99                          ;
;     ENA SCLR          ; 11                          ;
;     plain             ; 3                           ;
; cycloneiii_lcell_comb ; 159                         ;
;     arith             ; 104                         ;
;         2 data inputs ; 101                         ;
;         3 data inputs ; 3                           ;
;     normal            ; 55                          ;
;         1 data inputs ; 4                           ;
;         2 data inputs ; 6                           ;
;         3 data inputs ; 5                           ;
;         4 data inputs ; 40                          ;
;                       ;                             ;
; Max LUT depth         ; 6.00                        ;
; Average LUT depth     ; 3.81                        ;
+-----------------------+-----------------------------+


+-------------------------------+
; Elapsed Time Per Partition    ;
+----------------+--------------+
; Partition Name ; Elapsed Time ;
+----------------+--------------+
; Top            ; 00:00:00     ;
+----------------+--------------+


+-------------------------------+
; Analysis & Synthesis Messages ;
+-------------------------------+
Info: *******************************************************************
Info: Running Quartus Prime Analysis & Synthesis
    Info: Version 19.1.0 Build 670 09/22/2019 SJ Lite Edition
    Info: Processing started: Mon Mar 10 11:00:31 2025
Info: Command: quartus_map --read_settings_files=on --write_settings_files=off l6part4 -c l6part4
Warning (18236): Number of processors has not been specified which may cause overloading on shared machines.  Set the global assignment NUM_PARALLEL_PROCESSORS in your QSF to an appropriate value for best performance.
Info (20030): Parallel compilation is enabled and will use 16 of the 20 processors detected
Info (12021): Found 1 design units, including 1 entities, in source file /eec 180/lab6/synthesis/part1/mac.v
    Info (12023): Found entity 1: MAC File: C:/EEC 180/Lab6/synthesis/Part1/mac.v Line: 1
Info (12021): Found 1 design units, including 1 entities, in source file /eec 180/lab6/synthesis/part2/ramoutput.v
    Info (12023): Found entity 1: RAMOUTPUT File: C:/EEC 180/Lab6/synthesis/Part2/ramOutput.v Line: 1
Warning (12125): Using design file l6part4.v, which is not specified as a design file for the current project, but contains definitions for 1 design units and 1 entities in project
    Info (12023): Found entity 1: l6part4 File: C:/EEC 180/Lab6/synthesis/Part4/l6part4.v Line: 1
Warning (10236): Verilog HDL Implicit Net warning at l6part4.v(61): created implicit net for "mac3Out" File: C:/EEC 180/Lab6/synthesis/Part4/l6part4.v Line: 61
Warning (10236): Verilog HDL Implicit Net warning at l6part4.v(69): created implicit net for "mac4Out" File: C:/EEC 180/Lab6/synthesis/Part4/l6part4.v Line: 69
Info (12127): Elaborating entity "l6part4" for the top level hierarchy
Warning (10230): Verilog HDL assignment warning at l6part4.v(106): truncated value with size 32 to match size of target (11) File: C:/EEC 180/Lab6/synthesis/Part4/l6part4.v Line: 106
Warning (10230): Verilog HDL assignment warning at l6part4.v(133): truncated value with size 32 to match size of target (6) File: C:/EEC 180/Lab6/synthesis/Part4/l6part4.v Line: 133
Warning (10230): Verilog HDL assignment warning at l6part4.v(139): truncated value with size 32 to match size of target (6) File: C:/EEC 180/Lab6/synthesis/Part4/l6part4.v Line: 139
Warning (10230): Verilog HDL assignment warning at l6part4.v(145): truncated value with size 32 to match size of target (6) File: C:/EEC 180/Lab6/synthesis/Part4/l6part4.v Line: 145
Warning (10230): Verilog HDL assignment warning at l6part4.v(159): truncated value with size 32 to match size of target (6) File: C:/EEC 180/Lab6/synthesis/Part4/l6part4.v Line: 159
Warning (10230): Verilog HDL assignment warning at l6part4.v(160): truncated value with size 32 to match size of target (6) File: C:/EEC 180/Lab6/synthesis/Part4/l6part4.v Line: 160
Warning (10030): Net "memA.data_a" at l6part4.v(28) has no driver or initial value, using a default initial value '0' File: C:/EEC 180/Lab6/synthesis/Part4/l6part4.v Line: 28
Warning (10030): Net "memA.waddr_a" at l6part4.v(28) has no driver or initial value, using a default initial value '0' File: C:/EEC 180/Lab6/synthesis/Part4/l6part4.v Line: 28
Warning (10030): Net "memB.data_a" at l6part4.v(29) has no driver or initial value, using a default initial value '0' File: C:/EEC 180/Lab6/synthesis/Part4/l6part4.v Line: 29
Warning (10030): Net "memB.waddr_a" at l6part4.v(29) has no driver or initial value, using a default initial value '0' File: C:/EEC 180/Lab6/synthesis/Part4/l6part4.v Line: 29
Warning (10030): Net "memA.we_a" at l6part4.v(28) has no driver or initial value, using a default initial value '0' File: C:/EEC 180/Lab6/synthesis/Part4/l6part4.v Line: 28
Warning (10030): Net "memB.we_a" at l6part4.v(29) has no driver or initial value, using a default initial value '0' File: C:/EEC 180/Lab6/synthesis/Part4/l6part4.v Line: 29
Info (12128): Elaborating entity "RAMOUTPUT" for hierarchy "RAMOUTPUT:RAMOUTPUT" File: C:/EEC 180/Lab6/synthesis/Part4/l6part4.v Line: 38
Warning (10036): Verilog HDL or VHDL warning at ramOutput.v(9): object "mem" assigned a value but never read File: C:/EEC 180/Lab6/synthesis/Part2/ramOutput.v Line: 9
Warning (12158): Entity "RAMOUTPUT" contains only dangling pins File: C:/EEC 180/Lab6/synthesis/Part4/l6part4.v Line: 38
Info (12128): Elaborating entity "MAC" for hierarchy "MAC:mac1" File: C:/EEC 180/Lab6/synthesis/Part4/l6part4.v Line: 46
Warning (12241): 2 hierarchies have connectivity warnings - see the Connectivity Checks report folder
Info (286030): Timing-Driven Synthesis is running
Info (144001): Generated suppressed messages file C:/EEC 180/Lab6/synthesis/Part4/l6part4.map.smsg
Info (16010): Generating hard_block partition "hard_block:auto_generated_inst"
    Info (16011): Adding 0 node(s), including 0 DDIO, 0 PLL, 0 transceiver and 0 LCELL
Info (21057): Implemented 177 device resources after synthesis - the final resource count might be different
    Info (21058): Implemented 3 input pins
    Info (21059): Implemented 12 output pins
    Info (21061): Implemented 162 logic cells
Info: Quartus Prime Analysis & Synthesis was successful. 0 errors, 19 warnings
    Info: Peak virtual memory: 4850 megabytes
    Info: Processing ended: Mon Mar 10 11:00:35 2025
    Info: Elapsed time: 00:00:04
    Info: Total CPU time (on all processors): 00:00:10


+------------------------------------------+
; Analysis & Synthesis Suppressed Messages ;
+------------------------------------------+
The suppressed messages can be found in C:/EEC 180/Lab6/synthesis/Part4/l6part4.map.smsg.


